========================================================================
  CALIBER v3  --  C
========================================================================

[1/3] Fetching FMP data (live)...
      OK  name=Citigroup Inc.  sector=Financial Services  industry=Banks - Diversified

[2/3] Fetching EDGAR data (live)...
      OK  CIK=0000831001  SIC=6021  (National Commercial Banks)

[3/3] Fetching FRED rate (live)...
      OK  10Y rate=4.67%  conf=high
[EDGAR-XCHECK ARMED] C  as_of=2026-08-28  latest_period_end=2025-12-31  APPLIED=0 field(s)
  field                             FMP            EDGAR     div%   period_end   age  conf→would-be    verdict
  current_ratio                  0.4746                —        —            —     —  medium→medium    no_edgar  [EDGAR unresolved: current_assets(no_tag), current_liabilities(no_tag)]
  debt_to_equity                  383.9                —        —            —     —  medium→medium    no_edgar  [EDGAR unresolved: equity(synonym_conflict)]
  free_cashflow              -7.415e+10       -7.415e+10      0.0   2025-12-31  240d  medium→medium    basis_mismatch  [FMP cash-flow is annual; EDGAR is TTM]
  gross_margin                   0.4663                —        —            —     —  medium→medium    no_edgar  [EDGAR unresolved: gross_profit(derive_incomplete)]
  operating_cashflow         -6.763e+10       -6.763e+10      0.0   2025-12-31  240d  medium→medium    basis_mismatch  [FMP cash-flow is annual; EDGAR is TTM]
  operating_margin               0.1418                —        —            —     —  medium→medium    no_edgar  [EDGAR unresolved: operating_income(no_tag)]
  profit_margin                  0.1024           0.1679     64.0   2025-12-31  240d  medium→medium    stale_capped  [conflict suppressed — XBRL behind submissions (newer period 2026-06-30 filed)]
  roa                          0.006163         0.005384     12.6   2025-12-31  240d  medium→medium    stale_capped  [conflict suppressed — XBRL behind submissions (newer period 2026-06-30 filed)]
  roe                           0.08412                —        —            —     —  medium→medium    no_edgar  [EDGAR unresolved: equity(synonym_conflict)]
  shares_outstanding          1.715e+09        1.749e+09      2.0   2026-01-31  209d  medium→medium    stale_capped  [agreement suppressed — XBRL behind submissions (newer period 2026-06-30 filed)]
  total_cash                  6.754e+11        2.372e+10     96.5   2025-12-31  240d  medium→medium    basis_mismatch  [FMP total_cash is annual balance-sheet; EDGAR is MRQ; no ST-investment tag filed; cash-only vs FMP cash+ST-investments [short_term_investments(no_tag)]]
  total_cash@FY               6.754e+11        2.372e+10     96.5   2025-12-31  240d  medium→medium    basis_mismatch  [no ST-investment tag filed; cash-only vs FMP cash+ST-investments [short_term_investments(no_tag)]]
  total_debt                  7.158e+11        3.677e+11     48.6   2025-12-31  240d  medium→medium    basis_mismatch  [FMP totalDebt is annual balance-sheet; EDGAR is MRQ]
 dtotal_debt(reported)        7.158e+11                —        —            —     —  medium→medium    no_edgar  [EDGAR unresolved: total_debt_reported(no_tag)]
 dtotal_debt@FY               7.158e+11        3.709e+11     48.2   2025-12-31  240d  medium→medium    stale_capped  [alignment revoked — FMP value no longer tracks the matched period (FMP 7.158e+11 vs matched 3.709e+11 vs MRQ 3.709e+11); aged absolutely; conflict suppressed — XBRL behind submissions (newer period 2026-06-30 filed)]
  FLAG XBRL-LAG: submissions index has period 2026-06-30 but companyfacts tops out at 2025-12-31 — EDGAR values are one filing behind FMP
  [FRESHNESS-WATCH] C: EDGAR data 240d old; June-Q filed 2026-08-06, extraction pending (XBRL-LAG); fresher data expected imminently
  totals: basis_mismatch=5, no_edgar=6, stale_capped=4 | would-change 0/15 (nothing to apply)

  [FRESHNESS-WATCH] C: EDGAR data 240d old; June-Q filed 2026-08-06, extraction pending (XBRL-LAG); fresher data expected imminently

  Valuation lens: BANK / INSURER / REIT (bank)
