========================================================================
  CALIBER v3  --  JPM
========================================================================

[1/3] Fetching FMP data (live)...
      OK  name=JPMorgan Chase & Co.  sector=Financial Services  industry=Banks - Diversified

[2/3] Fetching EDGAR data (live)...
      OK  CIK=0000019617  SIC=6021  (National Commercial Banks)

[3/3] Fetching FRED rate (live)...
      OK  10Y rate=4.67%  conf=high
[EDGAR-XCHECK ARMED] JPM  as_of=2026-08-28  latest_period_end=2026-06-30  APPLIED=3 field(s)
  field                             FMP            EDGAR     div%   period_end   age  conf→would-be    verdict
  current_ratio                  0.8404                —        —            —     —  medium→medium    no_edgar  [EDGAR unresolved: current_assets(no_tag), current_liabilities(no_tag)]
  debt_to_equity                  330.5                —        —            —     —  medium→medium    no_edgar  [EDGAR unresolved: long_term_debt(stale_tag)]
  free_cashflow               1.009e+11                —        —            —     —  medium→medium    no_edgar  [EDGAR unresolved: capex(no_tag)]
  gross_margin                    0.626                —        —            —     —  medium→medium    no_edgar  [EDGAR unresolved: gross_profit(derive_incomplete)]
  operating_cashflow          1.009e+11       -1.625e+11    261.1   2026-06-30   59d  medium→medium    basis_mismatch  [FMP cash-flow is annual; EDGAR is TTM]
  operating_margin               0.2819                —        —            —     —  medium→medium    no_edgar  [EDGAR unresolved: operating_income(no_tag)]
  profit_margin                  0.2186           0.3566     63.1   2025-12-31  240d  medium→medium    stale_capped  [conflict suppressed — age 240d > 150d threshold]
 *roa                           0.01297          0.01297      0.0   2026-06-30   59d  medium→high      agree
 *roe                            0.1781           0.1779      0.1   2026-06-30   59d  medium→high      agree
 *shares_outstanding           2.68e+09        2.658e+09      0.8   2026-06-30   59d  medium→high      agree
  total_cash                   1.48e+12        2.472e+10     98.3   2026-06-30   59d  medium→medium    basis_mismatch  [FMP total_cash is annual balance-sheet; EDGAR is MRQ; no ST-investment tag filed; cash-only vs FMP cash+ST-investments [short_term_investments(no_tag)]]
  total_cash@FY                1.48e+12        2.174e+10     98.5   2025-12-31  240d  medium→medium    basis_mismatch  [no ST-investment tag filed; cash-only vs FMP cash+ST-investments [short_term_investments(no_tag)]]
  total_debt                  9.424e+11                —        —            —     —  medium→medium    no_edgar  [EDGAR unresolved: long_term_debt(stale_tag)]
 dtotal_debt(reported)        9.424e+11          4.7e+11     50.1   2026-06-30   59d  medium→medium    basis_mismatch  [FMP totalDebt is annual balance-sheet; EDGAR is MRQ]
 dtotal_debt@FY               9.424e+11        4.445e+11     52.8   2025-12-31  240d  medium→medium    stale_capped  [alignment revoked — FMP value no longer tracks the matched period (FMP 9.424e+11 vs matched 4.445e+11 vs MRQ 4.7e+11); aged absolutely; conflict suppressed — age 240d > 150d threshold]
  totals: agree=3, basis_mismatch=4, no_edgar=6, stale_capped=2 | would-change 3/15 applied 3: roe→high, roa→high, shares_outstanding→high

  Valuation lens: BANK / INSURER / REIT (bank)
